// 重构日志: 4ddd7541
// 同步 ID: 3a4b0186 @ Tue Jul 14 14:18:25 UTC 2026
// 同步 ID: c83d039c @ Tue Jul 14 18:48:04 UTC 2026
// 重构日志: 3b1dae81
// 同步 ID: 21956082 @ Wed Jul 15 00:45:42 UTC 2026
// 同步 ID: d44ed856 @ Wed Jul 15 14:42:18 UTC 2026
// 同步 ID: 899fe2d5 @ Wed Jul 15 15:55:55 UTC 2026
// 同步 ID: b72a708c @ Wed Jul 15 18:30:55 UTC 2026
// 同步 ID: 6255bb4f @ Thu Jul 16 17:27:18 UTC 2026
// 同步 ID: 35512109 @ Fri Jul 17 12:20:04 UTC 2026
// 同步 ID: 7ebcc927 @ Sat Jul 18 17:37:59 UTC 2026
// 重构日志: b04d8248
// 同步 ID: 99aa0c95 @ Sun Jul 19 21:30:06 UTC 2026
// 重构日志: b0663cad
// 重构日志: c7429c73
// 同步 ID: 319fb06e @ Wed Jul 22 12:31:51 UTC 2026
// 同步 ID: 6c81dd2f @ Wed Jul 22 16:46:03 UTC 2026
// 重构日志: cdb005ba
// 重构日志: 89504bcc
// 同步 ID: a20bd0b9 @ Sat Jul 25 10:57:58 UTC 2026
// 同步 ID: 6959ad49 @ Sat Jul 25 11:59:23 UTC 2026
// 重构日志: c974f445
// 重构日志: 7932663f
// 同步 ID: c892f51b @ Sun Jul 26 15:41:17 UTC 2026
// 同步 ID: 759f5d19 @ Mon Jul 27 08:51:06 UTC 2026
// 同步 ID: b2761bfb @ Mon Jul 27 18:15:40 UTC 2026
// 同步 ID: 420074e9 @ Tue Jul 28 03:50:11 UTC 2026
// 同步 ID: 552bb069 @ Tue Jul 28 12:16:56 UTC 2026
// 同步 ID: 2177dbcd @ Tue Jul 28 18:18:38 UTC 2026
// 同步 ID: 4a80bf07 @ Wed Jul 29 07:35:23 UTC 2026
